=== Proxmox Status Report - Sun Mar  1 07:35:44 AM CET 2026 ===
======================================
pveversion -v
proxmox-ve: 9.1.0 (running kernel: 6.17.9-1-pve)
pve-manager: 9.1.5 (running version: 9.1.5/80cf92a64bef6889)
proxmox-kernel-helper: 9.0.4
proxmox-kernel-6.17.9-1-pve-signed: 6.17.9-1
proxmox-kernel-6.17: 6.17.9-1
proxmox-kernel-6.17.4-2-pve-signed: 6.17.4-2
proxmox-kernel-6.17.4-1-pve-signed: 6.17.4-1
proxmox-kernel-6.17.2-2-pve-signed: 6.17.2-2
proxmox-kernel-6.14.11-5-pve-signed: 6.14.11-5
proxmox-kernel-6.14: 6.14.11-5
proxmox-kernel-6.14.11-4-pve-signed: 6.14.11-4
proxmox-kernel-6.14.8-2-pve-signed: 6.14.8-2
ceph-fuse: 19.2.3-pve1
corosync: 3.1.9-pve2
criu: 4.1.1-1
frr-pythontools: 10.4.1-1+pve1
ifupdown2: 3.3.0-1+pmx12
intel-microcode: 3.20251111.1~deb13u1
ksm-control-daemon: 1.5-1
libjs-extjs: 7.0.0-5
libproxmox-acme-perl: 1.7.0
libproxmox-backup-qemu0: 2.0.2
libproxmox-rs-perl: 0.4.1
libpve-access-control: 9.0.5
libpve-apiclient-perl: 3.4.2
libpve-cluster-api-perl: 9.0.7
libpve-cluster-perl: 9.0.7
libpve-common-perl: 9.1.7
libpve-guest-common-perl: 6.0.2
libpve-http-server-perl: 6.0.5
libpve-network-perl: 1.2.5
libpve-rs-perl: 0.11.4
libpve-storage-perl: 9.1.0
libspice-server1: 0.15.2-1+b1
lvm2: 2.03.31-2+pmx1
lxc-pve: 6.0.5-4
lxcfs: 6.0.4-pve1
novnc-pve: 1.6.0-3
proxmox-backup-client: 4.1.2-1
proxmox-backup-file-restore: 4.1.2-1
proxmox-backup-restore-image: 1.0.0
proxmox-firewall: 1.2.1
proxmox-kernel-helper: 9.0.4
proxmox-mail-forward: 1.0.2
proxmox-mini-journalreader: 1.6
proxmox-offline-mirror-helper: 0.7.3
proxmox-widget-toolkit: 5.1.5
pve-cluster: 9.0.7
pve-container: 6.1.1
pve-docs: 9.1.2
pve-edk2-firmware: 4.2025.05-2
pve-esxi-import-tools: 1.0.1
pve-firewall: 6.0.4
pve-firmware: 3.17-2
pve-ha-manager: 5.1.0
pve-i18n: 3.6.6
pve-qemu-kvm: 10.1.2-6
pve-xtermjs: 5.5.0-3
qemu-server: 9.1.4
smartmontools: 7.4-pve1
spiceterm: 3.4.1
swtpm: 0.8.0+pve3
vncterm: 1.9.1
zfsutils-linux: 2.3.4-pve1
---
pvesh get /nodes/starhaven/status
┌────────────────┬─────────────────────────────────────────────────────────────────────────────────────────────────────────────────────────────────────────────────────────────────────────────────────────────────────────────────────────────────────────────────────────────────────────────────────────────────────────────────────────────────────────────────────────────────────────────────────────────────────────────────────────────────────────────────────────────────────────────────────────────────────────────────────────────────────────────────────────────────────────────────────────────────────────────────────────────────────────────────────────────────────────────────────────────────────────────────────────────────────────────────────────────────────────────────────────────────────────────────────────────────────────────────────────────────────────────────────────────────────────────────────────────────────────────┐
│ key            │ value                                                                                                                                                                                                                                                                                                                                                                                                                                                                                                                                                                                                                                                                                                                                                                                                                                                                                                                                       │
╞════════════════╪═════════════════════════════════════════════════════════════════════════════════════════════════════════════════════════════════════════════════════════════════════════════════════════════════════════════════════════════════════════════════════════════════════════════════════════════════════════════════════════════════════════════════════════════════════════════════════════════════════════════════════════════════════════════════════════════════════════════════════════════════════════════════════════════════════════════════════════════════════════════════════════════════════════════════════════════════════════════════════════════════════════════════════════════════════════════════════════════════════════════════════════════════════════════════════════════════════════════════════════════════════════════════════════════════════════════════════════════════════════════════════════════════════════════╡
│ boot-info      │ {"mode":"efi","secureboot":1}                                                                                                                                                                                                                                                                                                                                                                                                                                                                                                                                                                                                                                                                                                                                                                                                                                                                                                               │
├────────────────┼─────────────────────────────────────────────────────────────────────────────────────────────────────────────────────────────────────────────────────────────────────────────────────────────────────────────────────────────────────────────────────────────────────────────────────────────────────────────────────────────────────────────────────────────────────────────────────────────────────────────────────────────────────────────────────────────────────────────────────────────────────────────────────────────────────────────────────────────────────────────────────────────────────────────────────────────────────────────────────────────────────────────────────────────────────────────────────────────────────────────────────────────────────────────────────────────────────────────────────────────────────────────────────────────────────────────────────────────────────────────────────────────────────────────┤
│ cpu            │ 0                                                                                                                                                                                                                                                                                                                                                                                                                                                                                                                                                                                                                                                                                                                                                                                                                                                                                                                                           │
├────────────────┼─────────────────────────────────────────────────────────────────────────────────────────────────────────────────────────────────────────────────────────────────────────────────────────────────────────────────────────────────────────────────────────────────────────────────────────────────────────────────────────────────────────────────────────────────────────────────────────────────────────────────────────────────────────────────────────────────────────────────────────────────────────────────────────────────────────────────────────────────────────────────────────────────────────────────────────────────────────────────────────────────────────────────────────────────────────────────────────────────────────────────────────────────────────────────────────────────────────────────────────────────────────────────────────────────────────────────────────────────────────────────────────────────────────────┤
│ cpuinfo        │ {"cores":6,"cpus":6,"family":"6","flags":"fpu vme de pse tsc msr pae mce cx8 apic sep mtrr pge mca cmov pat pse36 clflush dts acpi mmx fxsr sse sse2 ss ht tm pbe syscall nx pdpe1gb rdtscp lm constant_tsc art arch_perfmon pebs bts rep_good nopl xtopology nonstop_tsc cpuid aperfmperf pni pclmulqdq dtes64 monitor ds_cpl vmx smx est tm2 ssse3 sdbg fma cx16 xtpr pdcm pcid sse4_1 sse4_2 x2apic movbe popcnt tsc_deadline_timer aes xsave avx f16c rdrand lahf_lm abm 3dnowprefetch cpuid_fault epb ssbd ibrs ibpb stibp tpr_shadow flexpriority ept vpid ept_ad fsgsbase tsc_adjust bmi1 avx2 smep bmi2 erms invpcid mpx rdseed adx smap clflushopt intel_pt xsaveopt xsavec xgetbv1 xsaves dtherm ida arat pln pts hwp hwp_notify hwp_act_window hwp_epp vnmi md_clear flush_l1d arch_capabilities","hvm":"1","mhz":"800.000","model":"Intel(R) Core(TM) i5-8500 CPU @ 3.00GHz","sockets":1,"user_hz":100,"vendor":"GenuineIntel"} │
├────────────────┼─────────────────────────────────────────────────────────────────────────────────────────────────────────────────────────────────────────────────────────────────────────────────────────────────────────────────────────────────────────────────────────────────────────────────────────────────────────────────────────────────────────────────────────────────────────────────────────────────────────────────────────────────────────────────────────────────────────────────────────────────────────────────────────────────────────────────────────────────────────────────────────────────────────────────────────────────────────────────────────────────────────────────────────────────────────────────────────────────────────────────────────────────────────────────────────────────────────────────────────────────────────────────────────────────────────────────────────────────────────────────────────────────────────────┤
│ current-kernel │ {"machine":"x86_64","release":"6.17.9-1-pve","sysname":"Linux","version":"#1 SMP PREEMPT_DYNAMIC PMX 6.17.9-1 (2026-01-12T16:25Z)"}                                                                                                                                                                                                                                                                                                                                                                                                                                                                                                                                                                                                                                                                                                                                                                                                         │
├────────────────┼─────────────────────────────────────────────────────────────────────────────────────────────────────────────────────────────────────────────────────────────────────────────────────────────────────────────────────────────────────────────────────────────────────────────────────────────────────────────────────────────────────────────────────────────────────────────────────────────────────────────────────────────────────────────────────────────────────────────────────────────────────────────────────────────────────────────────────────────────────────────────────────────────────────────────────────────────────────────────────────────────────────────────────────────────────────────────────────────────────────────────────────────────────────────────────────────────────────────────────────────────────────────────────────────────────────────────────────────────────────────────────────────────────────────┤
│ loadavg        │ ["0.58","0.63","0.58"]                                                                                                                                                                                                                                                                                                                                                                                                                                                                                                                                                                                                                                                                                                                                                                                                                                                                                                                      │
├────────────────┼─────────────────────────────────────────────────────────────────────────────────────────────────────────────────────────────────────────────────────────────────────────────────────────────────────────────────────────────────────────────────────────────────────────────────────────────────────────────────────────────────────────────────────────────────────────────────────────────────────────────────────────────────────────────────────────────────────────────────────────────────────────────────────────────────────────────────────────────────────────────────────────────────────────────────────────────────────────────────────────────────────────────────────────────────────────────────────────────────────────────────────────────────────────────────────────────────────────────────────────────────────────────────────────────────────────────────────────────────────────────────────────────────────────────┤
│ memory         │ {"available":19923718144,"free":19026173952,"total":67244568576,"used":47320850432}                                                                                                                                                                                                                                                                                                                                                                                                                                                                                                                                                                                                                                                                                                                                                                                                                                                         │
├────────────────┼─────────────────────────────────────────────────────────────────────────────────────────────────────────────────────────────────────────────────────────────────────────────────────────────────────────────────────────────────────────────────────────────────────────────────────────────────────────────────────────────────────────────────────────────────────────────────────────────────────────────────────────────────────────────────────────────────────────────────────────────────────────────────────────────────────────────────────────────────────────────────────────────────────────────────────────────────────────────────────────────────────────────────────────────────────────────────────────────────────────────────────────────────────────────────────────────────────────────────────────────────────────────────────────────────────────────────────────────────────────────────────────────────────────────┤
│ pveversion     │ pve-manager/9.1.5/80cf92a64bef6889                                                                                                                                                                                                                                                                                                                                                                                                                                                                                                                                                                                                                                                                                                                                                                                                                                                                                                          │
├────────────────┼─────────────────────────────────────────────────────────────────────────────────────────────────────────────────────────────────────────────────────────────────────────────────────────────────────────────────────────────────────────────────────────────────────────────────────────────────────────────────────────────────────────────────────────────────────────────────────────────────────────────────────────────────────────────────────────────────────────────────────────────────────────────────────────────────────────────────────────────────────────────────────────────────────────────────────────────────────────────────────────────────────────────────────────────────────────────────────────────────────────────────────────────────────────────────────────────────────────────────────────────────────────────────────────────────────────────────────────────────────────────────────────────────────────────┤
│ rootfs         │ {"avail":47322468352,"free":52493205504,"total":100861726720,"used":48368521216}                                                                                                                                                                                                                                                                                                                                                                                                                                                                                                                                                                                                                                                                                                                                                                                                                                                            │
└────────────────┴─────────────────────────────────────────────────────────────────────────────────────────────────────────────────────────────────────────────────────────────────────────────────────────────────────────────────────────────────────────────────────────────────────────────────────────────────────────────────────────────────────────────────────────────────────────────────────────────────────────────────────────────────────────────────────────────────────────────────────────────────────────────────────────────────────────────────────────────────────────────────────────────────────────────────────────────────────────────────────────────────────────────────────────────────────────────────────────────────────────────────────────────────────────────────────────────────────────────────────────────────────────────────────────────────────────────────────────────────────────────────────────────────────────────┘
---
pvesm status
Name               Type     Status     Total (KiB)      Used (KiB) Available (KiB)        %
backups             dir     active       960302096       216113664       695334008   22.50%
local               dir     active        98497780        47234920        46213312   47.96%
local-lvm       lvmthin     active       832356352               0       832356352    0.00%
vm-8tb-hdd0     zfspool     active      7667188488      5439570108      2227618380   70.95%
---
lshw -short
H/W path           Device          Class          Description
=============================================================
                                   system         Precision 3630 Tower (0871)
/0                                 bus            0NNNCT
/0/0                               memory         64KiB BIOS
/0/9                               memory         64GiB System Memory
/0/9/0                             memory         16GiB DIMM DDR4 Synchronous 2666 MHz (0.4 ns)
/0/9/1                             memory         16GiB DIMM DDR4 Synchronous 2666 MHz (0.4 ns)
/0/9/2                             memory         16GiB DIMM DDR4 Synchronous 2666 MHz (0.4 ns)
/0/9/3                             memory         16GiB DIMM DDR4 Synchronous 2666 MHz (0.4 ns)
/0/14                              memory         384KiB L1 cache
/0/15                              memory         1536KiB L2 cache
/0/16                              memory         9MiB L3 cache
/0/17                              processor      Intel(R) Core(TM) i5-8500 CPU @ 3.00GHz
/0/100                             bridge         8th Gen Core Processor Host Bridge/DRAM Registers
/0/100/1                           bridge         6th-10th Gen Core Processor PCIe Controller (x16)
/0/100/1/0                         display        GP107 [GeForce GTX 1050 Ti]
/0/100/1/0.1                       multimedia     GP107GL High Definition Audio Controller
/0/100/2                           display        CoffeeLake-S GT2 [UHD Graphics 630]
/0/100/8                           generic        Xeon E3-1200 v5/v6 / E3-1500 v5 / 6th/7th/8th Gen Core Processor Gaussian Mixture Model
/0/100/12                          generic        Cannon Lake PCH Thermal Controller
/0/100/14                          bus            Cannon Lake PCH USB 3.1 xHCI Host Controller
/0/100/14/0        usb1            bus            xHCI Host Controller
/0/100/14/1        usb2            bus            xHCI Host Controller
/0/100/14.2                        memory         RAM memory
/0/100/15                          bus            Cannon Lake PCH Serial IO I2C Controller #0
/0/100/16                          communication  Cannon Lake PCH HECI Controller
/0/100/17          scsi1           storage        Cannon Lake PCH SATA AHCI Controller
/0/100/17/0        /dev/cdrom      disk           DVD+-RW DU-8A5LH
/0/100/17/1        /dev/sda        disk           1TB WDC WD10EZEX-08R
/0/100/17/1/1      /dev/sda1       volume         931GiB EXT4 volume
/0/100/17/0.0.0    /dev/sdb        disk           8001GB WDC WD8005FRYZ-0
/0/100/17/0.0.0/1  /dev/sdb1       volume         7452GiB OS X ZFS partition or Solaris /usr partition
/0/100/17/0.0.0/9  /dev/sdb9       volume         8191KiB reserved partition
/0/100/1b                          bridge         Cannon Lake PCH PCI Express Root Port #17
/0/100/1b/0        /dev/nvme0      storage        CT1000P1SSD8
/0/100/1b/0/0      hwmon1          disk           NVMe disk
/0/100/1b/0/2      /dev/ng0n1      disk           NVMe disk
/0/100/1b/0/1      /dev/nvme0n1    disk           1TB NVMe disk
/0/100/1b/0/1/1    /dev/nvme0n1p1  volume         1006KiB BIOS Boot partition
/0/100/1b/0/1/2    /dev/nvme0n1p2  volume         1023MiB Windows FAT volume
/0/100/1b/0/1/3    /dev/nvme0n1p3  volume         929GiB LVM Physical Volume
/0/100/1b.4                        bridge         Cannon Lake PCH PCI Express Root Port #21
/0/100/1b.4/0                      bridge         ASM1182e 2-Port PCIe x1 Gen2 Packet Switch
/0/100/1b.4/0/3                    bridge         ASM1182e 2-Port PCIe x1 Gen2 Packet Switch
/0/100/1b.4/0/3/0                  network        Ethernet Controller I226-V
/0/100/1b.4/0/7                    bridge         ASM1182e 2-Port PCIe x1 Gen2 Packet Switch
/0/100/1b.4/0/7/0                  network        Ethernet Controller I226-V
/0/100/1c                          bridge         Cannon Lake PCH PCI Express Root Port #1
/0/100/1c.4                        bridge         Cannon Lake PCH PCI Express Root Port #5
/0/100/1c.4/0                      bridge         ASM1182e 2-Port PCIe x1 Gen2 Packet Switch
/0/100/1c.4/0/3                    bridge         ASM1182e 2-Port PCIe x1 Gen2 Packet Switch
/0/100/1c.4/0/3/0                  network        Ethernet Controller I226-V
/0/100/1c.4/0/7                    bridge         ASM1182e 2-Port PCIe x1 Gen2 Packet Switch
/0/100/1c.4/0/7/0                  network        Ethernet Controller I226-V
/0/100/1d                          bridge         Cannon Lake PCH PCI Express Root Port #9
/0/100/1d.2                        bridge         Cannon Lake PCH PCI Express Root Port #11
/0/100/1d.2/0                      bridge         ASM1083/1085 PCIe to PCI Bridge
/0/100/1f                          bridge         C246 Chipset LPC/eSPI Controller
/0/100/1f/0                        system         PnP device PNP0c02
/0/100/1f/1                        system         PnP device PNP0c02
/0/100/1f/2                        communication  PnP device PNP0501
/0/100/1f/3                        system         PnP device PNP0c02
/0/100/1f/4                        system         PnP device PNP0c02
/0/100/1f/5                        system         PnP device PNP0c02
/0/100/1f/6                        system         PnP device PNP0c02
/0/100/1f/7                        system         PnP device PNP0c02
/0/100/1f.3        card0           multimedia     Cannon Lake PCH cAVS
/0/100/1f.3/0      input10         input          HDA Intel PCH Line Out
/0/100/1f.3/1      input11         input          HDA Intel PCH Front Headphone
/0/100/1f.4                        bus            Cannon Lake PCH SMBus Controller
/0/100/1f.5                        bus            Cannon Lake PCH SPI Controller
/0/100/1f.6        eno1            network        Ethernet Connection (7) I219-LM
/1                 input0          input          Sleep Button
/2                 input1          input          Power Button
/3                 input2          input          Power Button
/4                 input3          input          Video Bus
/5                 input4          input          PC Speaker
/6                 input5          input          Dell AIO WMI hotkeys
---
lsblk -o NAME,SIZE,TYPE,MODEL,SERIAL,STATE
NAME                   SIZE TYPE MODEL                  SERIAL               STATE
sda                  931.5G disk WDC WD10EZEX-08RKKA0   WD-WMC1S7192642      running
└─sda1               931.5G part                                             
sdb                    7.3T disk WDC WD8005FRYZ-01CBLB0 AN298L3N             running
├─sdb1                 7.3T part                                             
└─sdb9                   8M part                                             
sr0                   1024M rom  PLDS DVD+/-RW DU-8A5LH PNDVVPLC0091O53KKA00 running
zd0                     32G disk                                             
├─zd0p1                300M part                                             
├─zd0p2                3.9G part                                             
└─zd0p3               27.9G part                                             
zd16                     2T disk                                             
└─zd16p1                 2T part                                             
zd32                   200G disk                                             
├─zd32p1               300M part                                             
├─zd32p2                 4G part                                             
└─zd32p3             195.7G part                                             
zd48                   1.9T disk                                             
└─zd48p1               1.9T part                                             
zd64                   120G disk                                             
├─zd64p1             112.4G part                                             
├─zd64p2                 1K part                                             
└─zd64p5               7.6G part                                             
zd80                    60G disk                                             
├─zd80p1              58.1G part                                             
└─zd80p2               1.9G part                                             
zd96                   250G disk                                             
├─zd96p1             242.5G part                                             
└─zd96p2               7.5G part                                             
zd112                  280G disk                                             
├─zd112p1            278.1G part                                             
└─zd112p3              1.9G part                                             
zd128                  142G disk                                             
├─zd128p1              953M part                                             
└─zd128p2            141.1G part                                             
zd144                   10G disk                                             
├─zd144p1                4M part                                             
├─zd144p2              256M part                                             
└─zd144p3              9.7G part                                             
zd160                   60G disk                                             
├─zd160p1              300M part                                             
├─zd160p2              3.9G part                                             
└─zd160p3             55.9G part                                             
nvme0n1              931.5G disk CT1000P1SSD8           2006E289868B         live
├─nvme0n1p1           1007K part                                             
├─nvme0n1p2              1G part                                             
└─nvme0n1p3            930G part                                             
  ├─pve-swap             8G lvm                                              running
  ├─pve-root            96G lvm                                              running
  ├─pve-data_tmeta     8.1G lvm                                              running
  │ └─pve-data-tpool 793.8G lvm                                              running
  │   └─pve-data     793.8G lvm                                              running
  └─pve-data_tdata   793.8G lvm                                              running
    └─pve-data-tpool 793.8G lvm                                              running
      └─pve-data     793.8G lvm                                              running
---
zpool list -v
NAME                                    SIZE  ALLOC   FREE  CKPOINT  EXPANDSZ   FRAG    CAP  DEDUP    HEALTH  ALTROOT
vm-8tb-hdd0                            7.27T  1.44T  5.83T        -         -    11%    19%  1.00x    ONLINE  -
  ata-WDC_WD8005FRYZ-01CBLB0_AN298L3N  7.28T  1.44T  5.83T        -         -    11%  19.8%      -    ONLINE
---
zpool status -v
  pool: vm-8tb-hdd0
 state: ONLINE
  scan: scrub repaired 0B in 01:29:36 with 0 errors on Sun Feb  8 01:53:37 2026
config:

	NAME                                   STATE     READ WRITE CKSUM
	vm-8tb-hdd0                            ONLINE       0     0     0
	  ata-WDC_WD8005FRYZ-01CBLB0_AN298L3N  ONLINE       0     0     0

errors: No known data errors
---
smartctl --scan
/dev/sda -d scsi # /dev/sda, SCSI device
/dev/sdb -d scsi # /dev/sdb, SCSI device
/dev/nvme0 -d nvme # /dev/nvme0, NVMe device
---
smartctl data
=== /dev/sda ===
smartctl 7.4 2024-10-15 r5620 [x86_64-linux-6.17.9-1-pve] (local build)
Copyright (C) 2002-23, Bruce Allen, Christian Franke, www.smartmontools.org

=== START OF INFORMATION SECTION ===
Model Family:     Western Digital Blue
Device Model:     WDC WD10EZEX-08RKKA0
Serial Number:    WD-WMC1S7192642
LU WWN Device Id: 5 0014ee 25eb10745
Firmware Version: 80.00A80
User Capacity:    1,000,204,886,016 bytes [1.00 TB]
Sector Sizes:     512 bytes logical, 4096 bytes physical
Rotation Rate:    7200 rpm
Device is:        In smartctl database 7.3/5528
ATA Version is:   ATA8-ACS (minor revision not indicated)
SATA Version is:  SATA 3.0, 6.0 Gb/s (current: 6.0 Gb/s)
Local Time is:    Sun Mar  1 07:35:47 2026 CET
SMART support is: Available - device has SMART capability.
SMART support is: Enabled

=== START OF READ SMART DATA SECTION ===
SMART overall-health self-assessment test result: PASSED

General SMART Values:
Offline data collection status:  (0x82)	Offline data collection activity
					was completed without error.
					Auto Offline Data Collection: Enabled.
Self-test execution status:      (   0)	The previous self-test routine completed
					without error or no self-test has ever 
					been run.
Total time to complete Offline 
data collection: 		(10620) seconds.
Offline data collection
capabilities: 			 (0x7b) SMART execute Offline immediate.
					Auto Offline data collection on/off support.
					Suspend Offline collection upon new
					command.
					Offline surface scan supported.
					Self-test supported.
					Conveyance Self-test supported.
					Selective Self-test supported.
SMART capabilities:            (0x0003)	Saves SMART data before entering
					power-saving mode.
					Supports SMART auto save timer.
Error logging capability:        (0x01)	Error logging supported.
					General Purpose Logging supported.
Short self-test routine 
recommended polling time: 	 (   2) minutes.
Extended self-test routine
recommended polling time: 	 ( 122) minutes.
Conveyance self-test routine
recommended polling time: 	 (   5) minutes.
SCT capabilities: 	       (0x30b5)	SCT Status supported.
					SCT Feature Control supported.
					SCT Data Table supported.

SMART Attributes Data Structure revision number: 16
Vendor Specific SMART Attributes with Thresholds:
ID# ATTRIBUTE_NAME          FLAG     VALUE WORST THRESH TYPE      UPDATED  WHEN_FAILED RAW_VALUE
  1 Raw_Read_Error_Rate     0x002f   200   200   051    Pre-fail  Always       -       0
  3 Spin_Up_Time            0x0027   176   172   021    Pre-fail  Always       -       2175
  4 Start_Stop_Count        0x0032   097   097   000    Old_age   Always       -       3120
  5 Reallocated_Sector_Ct   0x0033   200   200   140    Pre-fail  Always       -       0
  7 Seek_Error_Rate         0x002e   200   200   000    Old_age   Always       -       0
  9 Power_On_Hours          0x0032   048   048   000    Old_age   Always       -       38145
 10 Spin_Retry_Count        0x0032   100   100   000    Old_age   Always       -       0
 11 Calibration_Retry_Count 0x0032   100   100   000    Old_age   Always       -       0
 12 Power_Cycle_Count       0x0032   097   097   000    Old_age   Always       -       3094
192 Power-Off_Retract_Count 0x0032   200   200   000    Old_age   Always       -       471
193 Load_Cycle_Count        0x0032   200   200   000    Old_age   Always       -       2648
194 Temperature_Celsius     0x0022   097   091   000    Old_age   Always       -       46
196 Reallocated_Event_Count 0x0032   200   200   000    Old_age   Always       -       0
197 Current_Pending_Sector  0x0032   200   200   000    Old_age   Always       -       0
198 Offline_Uncorrectable   0x0030   200   200   000    Old_age   Offline      -       0
199 UDMA_CRC_Error_Count    0x0032   200   200   000    Old_age   Always       -       0
200 Multi_Zone_Error_Rate   0x0008   200   200   000    Old_age   Offline      -       0

SMART Error Log Version: 1
No Errors Logged

SMART Self-test log structure revision number 1
Num  Test_Description    Status                  Remaining  LifeTime(hours)  LBA_of_first_error
# 1  Extended offline    Aborted by host               90%     32805         -
# 2  Extended offline    Completed without error       00%     32122         -
# 3  Vendor (0x50)       Completed without error       00%     22154         -
# 4  Short offline       Completed without error       00%     22154         -
# 5  Vendor (0x50)       Completed without error       00%     21454         -
# 6  Short offline       Completed without error       00%     21454         -
# 7  Vendor (0x50)       Completed without error       00%     20950         -
# 8  Short offline       Completed without error       00%     20950         -
# 9  Vendor (0x50)       Completed without error       00%     20490         -
#10  Short offline       Completed without error       00%     20490         -
#11  Vendor (0x50)       Completed without error       00%     20474         -
#12  Short offline       Completed without error       00%     20474         -
#13  Vendor (0x50)       Completed without error       00%     19731         -
#14  Short offline       Completed without error       00%     19731         -
#15  Vendor (0x50)       Completed without error       00%     19011         -
#16  Short offline       Completed without error       00%     19011         -
#17  Vendor (0x50)       Completed without error       00%     18668         -
#18  Short offline       Completed without error       00%     18667         -
#19  Vendor (0x50)       Completed without error       00%     17881         -
#20  Short offline       Completed without error       00%     17881         -
#21  Vendor (0x50)       Completed without error       00%     17358         -

SMART Selective self-test log data structure revision number 1
 SPAN  MIN_LBA  MAX_LBA  CURRENT_TEST_STATUS
    1        0        0  Not_testing
    2        0        0  Not_testing
    3        0        0  Not_testing
    4        0        0  Not_testing
    5        0        0  Not_testing
Selective self-test flags (0x0):
  After scanning selected spans, do NOT read-scan remainder of disk.
If Selective self-test is pending on power-up, resume after 0 minute delay.

The above only provides legacy SMART information - try 'smartctl -x' for more

---
=== /dev/sdb ===
smartctl 7.4 2024-10-15 r5620 [x86_64-linux-6.17.9-1-pve] (local build)
Copyright (C) 2002-23, Bruce Allen, Christian Franke, www.smartmontools.org

=== START OF INFORMATION SECTION ===
Device Model:     WDC WD8005FRYZ-01CBLB0
Serial Number:    AN298L3N
LU WWN Device Id: 5 0014ee 26c1979fb
Firmware Version: 01.01H01
User Capacity:    8,001,563,222,016 bytes [8.00 TB]
Sector Sizes:     512 bytes logical, 4096 bytes physical
Rotation Rate:    7200 rpm
Form Factor:      3.5 inches
Device is:        Not in smartctl database 7.3/5528
ATA Version is:   ACS-4 published, ANSI INCITS 529-2018
SATA Version is:  SATA 3.2, 6.0 Gb/s (current: 6.0 Gb/s)
Local Time is:    Sun Mar  1 07:35:47 2026 CET
SMART support is: Available - device has SMART capability.
SMART support is: Enabled

=== START OF READ SMART DATA SECTION ===
SMART overall-health self-assessment test result: PASSED

General SMART Values:
Offline data collection status:  (0x00)	Offline data collection activity
					was never started.
					Auto Offline Data Collection: Disabled.
Self-test execution status:      (   0)	The previous self-test routine completed
					without error or no self-test has ever 
					been run.
Total time to complete Offline 
data collection: 		(62760) seconds.
Offline data collection
capabilities: 			 (0x7b) SMART execute Offline immediate.
					Auto Offline data collection on/off support.
					Suspend Offline collection upon new
					command.
					Offline surface scan supported.
					Self-test supported.
					Conveyance Self-test supported.
					Selective Self-test supported.
SMART capabilities:            (0x0003)	Saves SMART data before entering
					power-saving mode.
					Supports SMART auto save timer.
Error logging capability:        (0x01)	Error logging supported.
					General Purpose Logging supported.
Short self-test routine 
recommended polling time: 	 (   2) minutes.
Extended self-test routine
recommended polling time: 	 ( 627) minutes.
Conveyance self-test routine
recommended polling time: 	 (   5) minutes.
SCT capabilities: 	       (0x003d)	SCT Status supported.
					SCT Error Recovery Control supported.
					SCT Feature Control supported.
					SCT Data Table supported.

SMART Attributes Data Structure revision number: 16
Vendor Specific SMART Attributes with Thresholds:
ID# ATTRIBUTE_NAME          FLAG     VALUE WORST THRESH TYPE      UPDATED  WHEN_FAILED RAW_VALUE
  1 Raw_Read_Error_Rate     0x002f   200   200   051    Pre-fail  Always       -       0
  2 Throughput_Performance  0x0024   100   100   000    Old_age   Offline      -       0
  3 Spin_Up_Time            0x0027   161   161   021    Pre-fail  Always       -       8941
  4 Start_Stop_Count        0x0032   100   100   000    Old_age   Always       -       14
  5 Reallocated_Sector_Ct   0x0033   200   200   140    Pre-fail  Always       -       0
  7 Seek_Error_Rate         0x002e   200   200   000    Old_age   Always       -       0
  8 Seek_Time_Performance   0x0024   100   100   000    Old_age   Offline      -       0
  9 Power_On_Hours          0x0032   099   099   000    Old_age   Always       -       1331
 10 Spin_Retry_Count        0x0032   100   100   000    Old_age   Always       -       0
 11 Calibration_Retry_Count 0x0032   100   100   000    Old_age   Always       -       0
 12 Power_Cycle_Count       0x0032   100   100   000    Old_age   Always       -       14
192 Power-Off_Retract_Count 0x0032   200   200   000    Old_age   Always       -       6
193 Load_Cycle_Count        0x0032   200   200   000    Old_age   Always       -       7
194 Temperature_Celsius     0x0022   100   093   000    Old_age   Always       -       52
196 Reallocated_Event_Count 0x0032   200   200   000    Old_age   Always       -       0
197 Current_Pending_Sector  0x0032   200   200   000    Old_age   Always       -       0
198 Offline_Uncorrectable   0x0030   100   100   000    Old_age   Offline      -       0
199 UDMA_CRC_Error_Count    0x0032   200   200   000    Old_age   Always       -       0
200 Multi_Zone_Error_Rate   0x0008   100   100   000    Old_age   Offline      -       0
241 Total_LBAs_Written      0x0032   200   200   000    Old_age   Always       -       13247827771
242 Total_LBAs_Read         0x0032   200   200   000    Old_age   Always       -       7923327827

SMART Error Log Version: 1
No Errors Logged

SMART Self-test log structure revision number 1
No self-tests have been logged.  [To run self-tests, use: smartctl -t]

SMART Selective self-test log data structure revision number 1
 SPAN  MIN_LBA  MAX_LBA  CURRENT_TEST_STATUS
    1        0        0  Not_testing
    2        0        0  Not_testing
    3        0        0  Not_testing
    4        0        0  Not_testing
    5        0        0  Not_testing
Selective self-test flags (0x0):
  After scanning selected spans, do NOT read-scan remainder of disk.
If Selective self-test is pending on power-up, resume after 0 minute delay.

The above only provides legacy SMART information - try 'smartctl -x' for more

---
=== /dev/nvme0n1 ===
smartctl 7.4 2024-10-15 r5620 [x86_64-linux-6.17.9-1-pve] (local build)
Copyright (C) 2002-23, Bruce Allen, Christian Franke, www.smartmontools.org

=== START OF INFORMATION SECTION ===
Model Number:                       CT1000P1SSD8
Serial Number:                      2006E289868B
Firmware Version:                   P3CR013
PCI Vendor/Subsystem ID:            0xc0a9
IEEE OUI Identifier:                0x00a075
Controller ID:                      1
NVMe Version:                       1.3
Number of Namespaces:               1
Namespace 1 Size/Capacity:          1,000,204,886,016 [1.00 TB]
Namespace 1 Formatted LBA Size:     512
Namespace 1 IEEE EUI-64:            00a075 20e289868b
Local Time is:                      Sun Mar  1 07:35:47 2026 CET
Firmware Updates (0x14):            2 Slots, no Reset required
Optional Admin Commands (0x0016):   Format Frmw_DL Self_Test
Optional NVM Commands (0x005e):     Wr_Unc DS_Mngmt Wr_Zero Sav/Sel_Feat Timestmp
Log Page Attributes (0x0f):         S/H_per_NS Cmd_Eff_Lg Ext_Get_Lg Telmtry_Lg
Maximum Data Transfer Size:         32 Pages
Warning  Comp. Temp. Threshold:     70 Celsius
Critical Comp. Temp. Threshold:     80 Celsius

Supported Power States
St Op     Max   Active     Idle   RL RT WL WT  Ent_Lat  Ex_Lat
 0 +     9.00W       -        -    0  0  0  0        5       5
 1 +     4.60W       -        -    1  1  1  1       30      30
 2 +     3.80W       -        -    2  2  2  2       30      30
 3 -   0.0500W       -        -    3  3  3  3     1000    1000
 4 -   0.0040W       -        -    4  4  4  4     6000    8000

Supported LBA Sizes (NSID 0x1)
Id Fmt  Data  Metadt  Rel_Perf
 0 +     512       0         0

=== START OF SMART DATA SECTION ===
SMART overall-health self-assessment test result: PASSED

SMART/Health Information (NVMe Log 0x02)
Critical Warning:                   0x00
Temperature:                        42 Celsius
Available Spare:                    100%
Available Spare Threshold:          10%
Percentage Used:                    44%
Data Units Read:                    126,356,015 [64.6 TB]
Data Units Written:                 104,658,294 [53.5 TB]
Host Read Commands:                 1,243,218,097
Host Write Commands:                1,287,677,852
Controller Busy Time:               38,263
Power Cycles:                       2,543
Power On Hours:                     21,551
Unsafe Shutdowns:                   494
Media and Data Integrity Errors:    0
Error Information Log Entries:      0
Warning  Comp. Temperature Time:    0
Critical Comp. Temperature Time:    0
Temperature Sensor 1:               43 Celsius
Temperature Sensor 2:               42 Celsius
Temperature Sensor 5:               58 Celsius
Thermal Temp. 1 Transition Count:   159
Thermal Temp. 2 Transition Count:   6
Thermal Temp. 1 Total Time:         65433
Thermal Temp. 2 Total Time:         4225

Error Information (NVMe Log 0x01, 16 of 256 entries)
No Errors Logged

Read Self-test Log failed: Invalid Field in Command (0x002)

---
---
zfs list -o name,used,avail,compressratio
NAME                            USED  AVAIL  RATIO
vm-8tb-hdd0                    5.07T  2.07T  1.02x
vm-8tb-hdd0/subvol-105-disk-0   686M  7.33G  2.11x
vm-8tb-hdd0/subvol-107-disk-0   885M  7.14G  2.11x
vm-8tb-hdd0/subvol-108-disk-0   703M  7.31G  1.97x
vm-8tb-hdd0/subvol-110-disk-0  1.17G  6.83G  1.76x
vm-8tb-hdd0/vm-100-disk-0       254G  2.32T  1.43x
vm-8tb-hdd0/vm-100-disk-1      1.98T  3.10T  1.00x
vm-8tb-hdd0/vm-101-disk-0       122G  2.17T  1.26x
vm-8tb-hdd0/vm-102-disk-1      32.5G  2.10T  1.18x
vm-8tb-hdd0/vm-103-disk-0      60.9G  2.13T  1.62x
vm-8tb-hdd0/vm-104-disk-0       144G  2.18T  1.56x
vm-8tb-hdd0/vm-106-disk-0      10.2G  2.08T  1.37x
vm-8tb-hdd0/vm-106-disk-1      1.93T  3.64T  1.00x
vm-8tb-hdd0/vm-109-disk-0       284G  2.33T  1.26x
vm-8tb-hdd0/vm-111-disk-0       203G  2.27T  1.09x
vm-8tb-hdd0/vm-112-disk-0      60.9G  2.11T  1.08x
---
sensors
coretemp-isa-0000
Adapter: ISA adapter
Package id 0:  +48.0°C  (high = +82.0°C, crit = +100.0°C)
Core 0:        +48.0°C  (high = +82.0°C, crit = +100.0°C)
Core 1:        +47.0°C  (high = +82.0°C, crit = +100.0°C)
Core 2:        +47.0°C  (high = +82.0°C, crit = +100.0°C)
Core 3:        +45.0°C  (high = +82.0°C, crit = +100.0°C)
Core 4:        +46.0°C  (high = +82.0°C, crit = +100.0°C)
Core 5:        +46.0°C  (high = +82.0°C, crit = +100.0°C)

pch_cannonlake-virtual-0
Adapter: Virtual device
temp1:        +58.0°C  

acpitz-acpi-0
Adapter: ACPI interface
temp1:        +27.8°C  

dell_smm-isa-00de
Adapter: ISA adapter
fan1:         807 RPM  (min =    0 RPM, max = 4500 RPM)
fan2:         939 RPM  (min =    0 RPM, max = 3800 RPM)
temp1:        +53.0°C  
temp2:        +53.0°C  
pwm1:            128%
pwm2:            128%

nvme-pci-0200
Adapter: PCI adapter
Composite:    +41.9°C  (low  = -273.1°C, high = +69.8°C)
                       (crit = +79.8°C)
Sensor 1:     +42.9°C  (low  = -273.1°C, high = +65261.8°C)
Sensor 2:     +40.9°C  (low  = -273.1°C, high = +65261.8°C)
Sensor 5:     +57.9°C  (low  = -273.1°C, high = +65261.8°C)

---
qm list
      VMID NAME                 STATUS     MEM(MB)    BOOTDISK(GB) PID       
       100 media-server         running    4096             250.00 1622      
       101 remote-desktop       running    8090             120.00 2264959   
       102 gitea-dev.server.wow running    2048               0.00 1004606   
       103 ut99-server          running    1256              60.00 1520562   
       104 dev.server.wow       running    8096             142.04 952985    
       106 navidrome-bean       running    4096              10.00 2312703   
       109 mc-server            running    8128             280.00 1522388   
       111 mysql-bckp-dev.wow.server running    1024             200.00 1159836   
       112 gamedata-dev.server.wow running    2048              60.00 2178405   
---
=== VM and LXC Details ===
=== VM 100 Configuration ===
affinity: 1,2,3,4,5
agent: 1,fstrim_cloned_disks=1
balloon: 4090
boot: order=scsi0
cores: 4
cpu: host,flags=-pcid;-spec-ctrl;+ssbd;-ibpb;-virt-ssbd;-amd-ssbd;-amd-no-ssb;+pdpe1gb;-hv-tlbflush;-hv-evmcs;+aes
description: MAC BC%3A24%3A11%3A8B%3A6E%3AA4%0A```%0Amedia@media-server%3A~$ ls -ld /mnt/media /mnt/media/Music%0A%0Adrwxrwxr-x  5 root  root     4096 Nov  2 19%3A43 /mnt/media%0Adrwxr-xr-x 37 media jellyfin 4096 Nov  2 21%3A26 /mnt/media/Music%0A%0Amedia@media-server%3A~$ stat -c '%25U%3A%25G %25a %25n' /mnt/media /mnt/media/Music%0A%0Aroot%3Aroot 775 /mnt/media%0Amedia%3Ajellyfin 755 /mnt/media/Music%0A%0Amedia@media-server%3A~$ getent passwd jellyfin || id jellyfin%0A%0Ajellyfin%3Ax%3A101%3A103%3AJellyfin default user%3A/var/lib/jellyfin%3A/bin/false%0A%0Amedia@media-server%3A~$ findmnt /mnt/media%0A%0ATARGET          SOURCE    FSTYPE OPTIONS%0A/mnt/media /dev/sdb1 ext4   rw,relatime%0A%0Amedia@media-server%3A~$ mount | grep /mnt/media%0A/dev/sdb1 on /mnt/media type ext4 (rw,relatime)%0A%0Amedia@media-server%3A~$ sudo journalctl -k | grep apparmor%0A[sudo] password for media%3A%0ANov 03 18%3A42%3A16 media-server kernel%3A LSM%3A initializing lsm=lockdown,capability,landlock,yama,apparmor,tomoyo,bpf,ipe,ima,evm%0ANov 03 18%3A42%3A16 media-server kernel%3A evm%3A security.apparmor%0ANov 03 18%3A42%3A17 media-server kernel%3A audit%3A type=1400 audit(1762191737.704%3A2)%3A apparmor="STATUS" operation="profile_load" profile="unconfined" name="Discord" pid=580 comm="apparmor_parser"%0ANov 03 18%3A42%3A17 media-server kernel%3A audit%3A type=1400 audit(1762191737.708%3A3)%3A apparmor="STATUS" operation="profile_load" profile="unconfined" name="1password" pid=579 comm="apparmor_parser"%0ANov 03 18%3A42%3A17 media-server kernel%3A audit%3A type=1400 audit(1762191737.708%3A4)%3A apparmor="STATUS" operation="profile_load" profile="unconfined" name=4D6F6E676F444220436F6D70617373 pid=581 comm="apparmor_parser"%0ANov 03 18%3A42%3A17 media-server kernel%3A audit%3A type=1400 audit(1762191737.708%3A5)%3A apparmor="STATUS" operation="profile_load" profile="unconfined" name="QtWebEngineProcess" pid=582 comm="apparmor_parser"%0ANov 03 18%3A42%3A17 media-server kernel%3A audit%3A type=1400 audit(1762191737.708%3A6)%3A apparmor="STATUS" operation="profile_load" profile="unconfined" name="balena-etcher" pid=587 comm="apparmor_parser"%0ANov 03 18%3A42%3A17 media-server kernel%3A audit%3A type=1400 audit(1762191737.712%3A7)%3A apparmor="STATUS" operation="profile_load" profile="unconfined" name="busybox" pid=590 comm="apparmor_parser"%0ANov 03 18%3A42%3A17 media-server kernel%3A audit%3A type=1400 audit(1762191737.712%3A8)%3A apparmor="STATUS" operation="profile_load" profile="unconfined" name="buildah" pid=589 comm="apparmor_parser"%0ANov 03 18%3A42%3A17 media-server kernel%3A audit%3A type=1400 audit(1762191737.712%3A9)%3A apparmor="STATUS" operation="profile_load" profile="unconfined" name="brave" pid=588 comm="apparmor_parser"%0ANov 03 18%3A42%3A17 media-server kernel%3A audit%3A type=1400 audit(1762191737.716%3A10)%3A apparmor="STATUS" operation="profile_load" profile="unconfined" name="Xorg" pid=586 comm="apparmor_parser"%0A%0Amedia@media-server%3A~$ sudo journalctl -k | grep apparmor%0A%0Amedia@media-server%3A~$ sudo chown -R jellyfin%3Ajellyfin /mnt/media%0A%0Amedia@media-server%3A~$ sudo apt install acl%0A%0Amedia@media-server%3A~$ sudo setfacl -R -m u%3Ajellyfin%3Arwx /mnt/media%0A%0Al -d -m u%3Ajellyfin%3Arwx /mnt/media   %0A%0Asudo setfacl -d -m u%3Ajellyfin%3Arwx /mnt/media   %0A%0Amedia@media-server%3A~$ sudo systemctl restart jellyfin%0A%0Asudo chown -R jellyfin%3Ajellyfin /mnt/media%0A%0Asudo setfacl -R -m u%3Ajellyfin%3Arwx /mnt/media%0A%0Asudo setfacl -d -m u%3Ajellyfin%3Arwx /mnt/media%0A%0Asudo apt install acl%0A%0Asudo chown -R jellyfin%3Ajellyfin /mnt/media%0A%0Asudo setfacl -R -b /mnt/media%0A%0Asudo setfacl -R -m d%3Ag%3Ajellyfin%3Arwx /mnt/media%0A%0Asudo chmod g+rwx /mnt/media /mnt/media/*%0A```%0A%0A```%0Asudo apt install -y vsftpd ufw%0Asudo nano /etc/vsftpd.conf%0A%0A# /etc/vsftpd.conf%0Alocal_enable=YES%0Awrite_enable=YES%0Achroot_local_user=YES%0Alocal_root=/mnt/media%0Aallow_writeable_chroot=YES%0A%0A# make new uploads world-writable by default%0Alocal_umask=000%0A%0A# passive mode (adjust to taste)%0Apasv_enable=YES%0Apasv_min_port=40000%0Apasv_max_port=40100%0Alisten=YES%0Alisten_ipv6=NO%0A%0Asudo ufw allow ssh%0Asudo ufw allow ftp%0Asudo ufw allow 21/tcp%0Asudo ufw allow 40000%3A40100/tcp%0Asudo ufw allow 21/udp%0Asudo ufw allow 40000%3A40100/udp%0Asudo systemctl restart vsftpd%0Asudo ufw enable%0A```
hostpci0: 0000:01:00.0
hostpci1: 0000:01:00.1
hostpci2: 0000:05:00
hostpci3: 0000:06:00
machine: q35
memory: 4096
meta: creation-qemu=10.0.2,ctime=1762083289
name: media-server
net0: virtio=BC:24:11:8B:6E:A4,bridge=vmbr0,firewall=1
numa: 0
onboot: 1
ostype: l26
scsi0: vm-8tb-hdd0:vm-100-disk-0,backup=0,cache=none,discard=on,iothread=1,replicate=0,size=250G,ssd=1
scsi1: vm-8tb-hdd0:vm-100-disk-1,backup=0,cache=none,discard=on,iothread=1,replicate=0,size=2000G,ssd=1
scsihw: virtio-scsi-pci
smbios1: uuid=2e4e072f-1372-40d2-81f4-e6147b5aedd8
sockets: 1
vmgenid: 375bfc73-0eaf-4c48-8f07-4e131bed36cb
---
=== VM 101 Configuration ===
affinity: 1,2,3,4,5
agent: 1
boot: order=scsi0
cores: 4
cpu: host
machine: q35
memory: 8090
meta: creation-qemu=10.1.2,ctime=1768147439
name: remote-desktop
net0: virtio=BC:24:11:EB:C9:99,bridge=vmbr0,firewall=1,rate=4
numa: 0
ostype: l26
scsi0: vm-8tb-hdd0:vm-101-disk-0,cache=none,discard=on,iothread=1,replicate=0,size=120G,ssd=1
scsihw: virtio-scsi-single
smbios1: uuid=aa9382b2-30b4-4e92-bef1-71e5247b9859
sockets: 1
vmgenid: b2cbba48-363a-4750-a25c-dc932751aca1
---
=== VM 102 Configuration ===
affinity: 1,2,3,4,5
agent: 1
boot:  
cores: 2
cpu: host
description: ssh root@192.168.0.249%0A%0Arc-update add cloudflared default%0A%0Arc-update add cloudflared boot%0A%0Arc-update add cloudflared sysinit%0A%0Arc-update add gitea default%0A%0Ahttps%3A//e3bef03c5f3b7f6b3ab3e3053ed71e9c.bean247.xyz/%0A%0A%0A```%0Acat > /etc/init.d/cloudflared << 'EOF'%0A#!/sbin/openrc-run%0A%0Asupervisor=supervise-daemon%0Aname=cloudflared%0Acommand="/usr/bin/cloudflared"%0Acommand_args="--pidfile /var/run/cloudflared.pid --autoupdate-freq 24h0m0s tunnel run --token eyJhIjoiYmY1NzBhMmNmMzQ5YTc0ZTBiYWY0ZThhMjlhZGJjNDgiLCJ0IjoiNGIzNGEzNzYtYzM0Zi00ODcxLTliMjQtMWQ1ZWQ3ODA2ZWFlIiwicyI6Ik9EQXhOemRpWm1RdE1EbGlNaTAwT0dNMUxXRTJOVEl0TTJVNU16UmpPREF6T1RrMyJ9"%0Apidfile="/run/cloudflared.pid"%0Asupervise_daemon_args="--stdout /var/log/cloudflared.log --stderr /var/log/cloudflared.err"%0A%0Adepend() {%0A  use logger dns%0A  need net%0A  after firewall%0A}%0AEOF%0A```
machine: q35
memory: 2048
meta: creation-qemu=10.1.2,ctime=1768388436
name: gitea-dev.server.wow
net0: virtio=BC:24:11:79:31:02,bridge=vmbr0,firewall=1,rate=10
numa: 0
onboot: 1
ostype: l26
scsi0: vm-8tb-hdd0:vm-102-disk-1,discard=on,iothread=1,replicate=0,size=32G,ssd=1
scsihw: virtio-scsi-single
smbios1: uuid=a8f975ab-6f10-46e2-9a94-2529ba73d427
sockets: 1
vmgenid: 923c23b7-e6a9-497c-bd8f-151a9564fd03
---
=== VM 103 Configuration ===
affinity: 1,2,3,4,5
agent: 1
balloon: 1250
boot: order=scsi0;net0
cores: 2
cpu: host
description: LinuxGSM - Unreal Tournament 99 - Version v25.2.0%0Ahttps%3A//linuxgsm.com/ut99server%0A%0Asudo systemctl status ut99server      # Live status + logs%0A%0Asudo systemctl stop ut99server        # Graceful stop%0A%0Asudo systemctl restart ut99server     # Restart%0A%0Asudo systemctl logs ut99server -f     # Tail logs
machine: q35
memory: 1256
meta: creation-qemu=10.1.2,ctime=1765951999
name: ut99-server
net0: virtio=BC:24:11:C1:92:6C,bridge=vmbr0,firewall=1,rate=4
numa: 0
onboot: 1
ostype: l26
scsi0: vm-8tb-hdd0:vm-103-disk-0,cache=none,discard=on,iothread=1,replicate=0,size=60G,ssd=1
scsihw: virtio-scsi-single
smbios1: uuid=7ed46088-5849-4caf-8f84-191946d8e319
sockets: 1
vmgenid: 9f66d3e2-ee2b-4f35-86fd-471aaf55b59f
---
=== VM 104 Configuration ===
affinity: 1,2,3,4,5
agent: 1
balloon: 8090
boot: order=scsi0
cores: 4
cpu: host
description: sudo apt purge libgtk* xserver-*
ide2: none,media=cdrom
machine: q35
memory: 8096
meta: creation-qemu=10.0.2,ctime=1757726333
name: dev.server.wow
net0: virtio=BC:24:11:8F:16:EB,bridge=vmbr0,rate=10
numa: 0
onboot: 1
ostype: l26
scsi0: vm-8tb-hdd0:vm-104-disk-0,cache=none,discard=on,iothread=1,size=145452M,ssd=1
scsihw: virtio-scsi-single
smbios1: uuid=32930d2c-4bcd-4a85-b3d5-63005d9d0bd4
sockets: 1
vmgenid: 093ccb94-7587-4c76-99ae-fb35005128cd
---
=== VM 106 Configuration ===
affinity: 1,2,3,4,5
agent: 1
balloon: 3072
bios: ovmf
boot: order=scsi0
cores: 2
cpu: host,flags=-pcid;-spec-ctrl;-ibpb;-amd-ssbd;-amd-no-ssb;-hv-tlbflush;-hv-evmcs;+aes
description: MAC BC%3A24%3A11%3A76%3A6C%3A7A%0A```%0Aapt install -y vsftpd ufw%0Anano /etc/vsftpd.conf%0A%0A# /etc/vsftpd.conf%0Alocal_enable=YES%0Awrite_enable=YES%0Achroot_local_user=YES%0Alocal_root=/mnt/music%0Aallow_writeable_chroot=YES%0A%0A# make new uploads world-writable by default%0Alocal_umask=000%0A%0A# passive mode (adjust to taste)%0Apasv_enable=YES%0Apasv_min_port=40000%0Apasv_max_port=40100%0Alisten=YES%0Alisten_ipv6=NO%0A%0Asudo chown root%3Aroot /mnt/%0Asudo chmod 777 /mnt/%0Asudo chown ftpuser%3Aftpuser /mnt/music/%0Asudo chmod 775 /mnt/music/%0Asudo chown ftpuser%3Aftpuser /mnt/music%0Asudo chown ftpuser%3Aftpuser /mnt/music/%0Asudo chown root%3Aroot /mnt/music/%0Asudo chown navidrome%3Aroot /mnt/music/%0Asudo chown navidrome /mnt/music/%0Asudo chown root /mnt/music/%0A# (optional) keep root as owner%0Asudo chown root%3Aroot /mnt/music%0A# rwx for everyone + sticky bit%0Asudo chmod 1777 /mnt/music%0A# make existing content writable too%0Asudo chmod -R a+rwX /mnt/music%0Asudo ufw allow ssh%0Asudo ufw allow ftp%0Asudo ufw allow 21/tcp%0Asudo ufw allow 40000%3A40100/tcp%0Asudo ufw allow 21/udp%0Asudo ufw allow 40000%3A40100/udp%0Asudo systemctl restart vsftpd%0Asudo ufw enable%0Asudo ufw logging off%0Asudo ufw reload%0A```
hostpci0: 0000:0a:00
hostpci1: 0000:0b:00
memory: 4096
meta: creation-qemu=10.0.2,ctime=1758431455
name: navidrome-bean
net0: virtio=BC:24:11:76:6C:7A,bridge=vmbr0
numa: 0
onboot: 1
scsi0: vm-8tb-hdd0:vm-106-disk-0,cache=none,discard=on,iothread=1,size=10G,ssd=1
scsi1: vm-8tb-hdd0:vm-106-disk-1,cache=none,discard=on,iothread=1,size=1950G,ssd=1
scsihw: virtio-scsi-pci
smbios1: uuid=83f64fc4-4748-4299-95f0-4d1bd3b6de97
sockets: 1
vmgenid: a32ff749-a007-47c8-8b67-c1193ddf0e95
---
=== VM 109 Configuration ===
affinity: 1,2,3,4,5
agent: 1
balloon: 8120
boot: order=scsi0
cores: 4
cpu: host
cpuunits: 512
description: sudo apt update%0A%0Asudo apt install -y git python3 python3-dev python3-pip openjdk-21-jdk openjdk-21-jre python3.13-venv build-essential pkg-config python3-dev curl%0A%0Agit clone https%3A//gitlab.com/crafty-controller/crafty-installer-4.0.git && \%0A cd crafty-installer-4.0 && \%0A sudo ./install_crafty.sh%0A%0A%0Ahttps%3A//geysermc.org/download/?project=geyser%0A%0Ahttps%3A//geysermc.org/download/?project=floodgate%0A%0Ahttps%3A//github.com/ViaVersion/ViaBackwards/releases%0A%0Ahttps%3A//github.com/ViaVersion/ViaVersion/releases%0A%0Ahttps%3A//papermc.io/downloads/paper%0A%0Ahttps%3A//github.com/Fenixin/Minecraft-Region-Fixer //uz stazene a pouzite
machine: q35
memory: 8128
meta: creation-qemu=10.0.2,ctime=1762710324
name: mc-server
net0: virtio=BC:24:11:AC:6A:6A,bridge=vmbr0,firewall=1,rate=4
numa: 0
onboot: 1
ostype: l26
scsi0: vm-8tb-hdd0:vm-109-disk-0,cache=none,discard=on,iothread=1,replicate=0,size=280G,ssd=1
scsihw: virtio-scsi-single
smbios1: uuid=f07dd7f8-326e-499c-8b2e-64ba1ea5feef
sockets: 1
vmgenid: 8f2b7076-e800-4208-9257-1621da7acf06
---
=== VM 111 Configuration ===
affinity: 1,2,3,4,5
boot: order=scsi0;net0
cores: 2
cpu: host
description: ssh root@192.168.0.251
memory: 1024
meta: creation-qemu=10.1.2,ctime=1768839645
name: mysql-bckp-dev.wow.server
net0: virtio=BC:24:11:43:29:5D,bridge=vmbr0,firewall=1
numa: 0
onboot: 1
ostype: l26
scsi0: vm-8tb-hdd0:vm-111-disk-0,iothread=1,size=200G
scsihw: virtio-scsi-single
smbios1: uuid=d42d16c3-358c-438e-8aa9-e281b6fd45eb
sockets: 1
vmgenid: 8d5cc7fe-7271-49ce-9bff-7b0ef66cb91a
---
=== VM 112 Configuration ===
affinity: 1,2,3,4,5
agent: 1
balloon: 1024
boot: order=scsi0;net0
cores: 2
cpu: host
machine: q35
memory: 2048
meta: creation-qemu=10.1.2,ctime=1771664390
name: gamedata-dev.server.wow
net0: virtio=BC:24:11:F3:73:28,bridge=vmbr0,firewall=1
numa: 0
ostype: l26
scsi0: vm-8tb-hdd0:vm-112-disk-0,cache=none,discard=on,iothread=1,replicate=0,size=60G,ssd=1
scsihw: virtio-scsi-single
smbios1: uuid=dc429410-f61d-4a84-a118-7529fb8a428e
sockets: 1
vmgenid: 60cad076-1181-4e75-ba82-70b02889d58d
---
pct list
VMID       Status     Lock         Name                
105        running                 prometheus          
107        running                 grafana             
108        running                 proxexport          
110        running                 uptimekuma          
---
=== Container 105 Configuration ===
arch: amd64
cores: 1
cpuunits: 192
description: https%3A//pywkt.com/post/20230302-prometheus-and-grafana-on-proxmox%0A
features: nesting=1
hostname: prometheus
memory: 128
nameserver: 192.168.0.1
net0: name=eth0,bridge=vmbr0,gw=192.168.0.1,hwaddr=BC:24:11:C2:97:F2,ip=192.168.0.248/24,ip6=dhcp,rate=8,type=veth
onboot: 1
ostype: ubuntu
rootfs: vm-8tb-hdd0:subvol-105-disk-0,replicate=0,size=8G
swap: 128
unprivileged: 1
---
=== Container 107 Configuration ===
arch: amd64
cores: 1
cpuunits: 192
description: https%3A//pywkt.com/post/20230302-prometheus-and-grafana-on-proxmox%0A%0Ahttp%3A//192.168.0.247%3A3000/%0A
features: nesting=1
hostname: grafana
memory: 256
nameserver: 192.168.0.1
net0: name=eth0,bridge=vmbr0,gw=192.168.0.1,hwaddr=BC:24:11:4F:26:59,ip=192.168.0.247/24,ip6=dhcp,rate=8,type=veth
onboot: 1
ostype: ubuntu
rootfs: vm-8tb-hdd0:subvol-107-disk-0,replicate=0,size=8G
swap: 128
unprivileged: 1
---
=== Container 108 Configuration ===
arch: amd64
cores: 1
cpuunits: 192
description: https%3A//pywkt.com/post/20230302-prometheus-and-grafana-on-proxmox%0A%0Ahttps%3A//github.com/prometheus-pve/prometheus-pve-exporter%0A
features: nesting=1
hostname: proxexport
memory: 128
nameserver: 192.168.0.1
net0: name=eth0,bridge=vmbr0,gw=192.168.0.1,hwaddr=BC:24:11:7B:A3:4B,ip=192.168.0.246/24,ip6=dhcp,rate=8,type=veth
onboot: 1
ostype: ubuntu
rootfs: vm-8tb-hdd0:subvol-108-disk-0,replicate=0,size=8G
swap: 128
unprivileged: 1
---
=== Container 110 Configuration ===
arch: amd64
cores: 1
cpuunits: 192
description: using uptime kuma for uptime monitoring%0A%0Ahttps%3A//uptime.bean247.xyz/status/starhaven%0A
features: nesting=1
hostname: uptimekuma
memory: 384
nameserver: 192.168.0.1
net0: name=eth0,bridge=vmbr0,firewall=1,gw=192.168.0.1,hwaddr=BC:24:11:5F:7D:7C,ip=192.168.0.244/24,type=veth
onboot: 1
ostype: debian
rootfs: vm-8tb-hdd0:subvol-110-disk-0,replicate=0,size=8G
swap: 128
unprivileged: 1
---
=== VM and LXC Resource Usage ===
┌─────────────────────────────────────┬─────────┬─────────────┬────────────────┬────────┬────────────┬────────────┬────────────┬─────────┬───────┬──────┬────────┬────────────┬────────────┬────────────┬────────────┬───────────────────────────┬────────────┬────────────┬──────────────┬──────────────┬───────────┬────────────┬──────┬──────────┬─────┬───────────┬─────────────┬──────┬──────────┬────────────┬──────┬───────────┐
│ id                                  │ type    │ cgroup-mode │ content        │    cpu │       disk │   diskread │  diskwrite │ hastate │ level │ lock │ maxcpu │    maxdisk │     maxmem │        mem │    memhost │ name                      │      netin │     netout │ network      │ network-type │ node      │ plugintype │ pool │ protocol │ sdn │ status    │ storage     │ tags │ template │     uptime │ vmid │ zone-type │
╞═════════════════════════════════════╪═════════╪═════════════╪════════════════╪════════╪════════════╪════════════╪════════════╪═════════╪═══════╪══════╪════════╪════════════╪════════════╪════════════╪════════════╪═══════════════════════════╪════════════╪════════════╪══════════════╪══════════════╪═══════════╪════════════╪══════╪══════════╪═════╪═══════════╪═════════════╪══════╪══════════╪════════════╪══════╪═══════════╡
│ lxc/105                             │ lxc     │             │                │  0.01% │ 685.88 MiB │   6.44 GiB │   7.23 GiB │         │       │      │      1 │   8.00 GiB │ 128.00 MiB │  33.72 MiB │     0.00 B │ prometheus                │   3.22 GiB │ 113.26 MiB │              │              │ starhaven │            │      │          │     │ running   │             │      │ 0        │  2w 4d 15h │  105 │           │
├─────────────────────────────────────┼─────────┼─────────────┼────────────────┼────────┼────────────┼────────────┼────────────┼─────────┼───────┼──────┼────────┼────────────┼────────────┼────────────┼────────────┼───────────────────────────┼────────────┼────────────┼──────────────┼──────────────┼───────────┼────────────┼──────┼──────────┼─────┼───────────┼─────────────┼──────┼──────────┼────────────┼──────┼───────────┤
│ lxc/107                             │ lxc     │             │                │  0.33% │ 885.38 MiB │ 907.52 MiB │ 204.48 MiB │         │       │      │      1 │   8.00 GiB │ 256.00 MiB │  94.30 MiB │     0.00 B │ grafana                   │ 477.01 MiB │ 144.29 MiB │              │              │ starhaven │            │      │          │     │ running   │             │      │ 0        │  2w 4d 15h │  107 │           │
├─────────────────────────────────────┼─────────┼─────────────┼────────────────┼────────┼────────────┼────────────┼────────────┼─────────┼───────┼──────┼────────┼────────────┼────────────┼────────────┼────────────┼───────────────────────────┼────────────┼────────────┼──────────────┼──────────────┼───────────┼────────────┼──────┼──────────┼─────┼───────────┼─────────────┼──────┼──────────┼────────────┼──────┼───────────┤
│ lxc/108                             │ lxc     │             │                │  0.01% │ 702.88 MiB │ 181.30 MiB │ 153.71 MiB │         │       │      │      1 │   8.00 GiB │ 128.00 MiB │  39.72 MiB │     0.00 B │ proxexport                │   5.15 GiB │   4.85 GiB │              │              │ starhaven │            │      │          │     │ running   │             │      │ 0        │  2w 4d 15h │  108 │           │
├─────────────────────────────────────┼─────────┼─────────────┼────────────────┼────────┼────────────┼────────────┼────────────┼─────────┼───────┼──────┼────────┼────────────┼────────────┼────────────┼────────────┼───────────────────────────┼────────────┼────────────┼──────────────┼──────────────┼───────────┼────────────┼──────┼──────────┼─────┼───────────┼─────────────┼──────┼──────────┼────────────┼──────┼───────────┤
│ lxc/110                             │ lxc     │             │                │  0.42% │   1.17 GiB │ 783.44 MiB │  63.05 MiB │         │       │      │      1 │   8.00 GiB │ 384.00 MiB │ 163.83 MiB │     0.00 B │ uptimekuma                │ 964.88 MiB │ 790.40 MiB │              │              │ starhaven │            │      │          │     │ running   │             │      │ 0        │  2w 4d 15h │  110 │           │
├─────────────────────────────────────┼─────────┼─────────────┼────────────────┼────────┼────────────┼────────────┼────────────┼─────────┼───────┼──────┼────────┼────────────┼────────────┼────────────┼────────────┼───────────────────────────┼────────────┼────────────┼──────────────┼──────────────┼───────────┼────────────┼──────┼──────────┼─────┼───────────┼─────────────┼──────┼──────────┼────────────┼──────┼───────────┤
│ network/starhaven/zone/localnetwork │ network │             │                │        │            │            │            │         │       │      │        │            │            │            │            │                           │            │            │ localnetwork │ zone         │ starhaven │            │      │          │     │ ok        │             │      │          │            │      │           │
├─────────────────────────────────────┼─────────┼─────────────┼────────────────┼────────┼────────────┼────────────┼────────────┼─────────┼───────┼──────┼────────┼────────────┼────────────┼────────────┼────────────┼───────────────────────────┼────────────┼────────────┼──────────────┼──────────────┼───────────┼────────────┼──────┼──────────┼─────┼───────────┼─────────────┼──────┼──────────┼────────────┼──────┼───────────┤
│ node/starhaven                      │ node    │           2 │                │ 18.63% │  45.05 GiB │            │            │         │       │      │      6 │  93.93 GiB │  62.63 GiB │  44.39 GiB │            │                           │            │            │              │              │ starhaven │            │      │          │     │ online    │             │      │          │  2w 4d 15h │      │           │
├─────────────────────────────────────┼─────────┼─────────────┼────────────────┼────────┼────────────┼────────────┼────────────┼─────────┼───────┼──────┼────────┼────────────┼────────────┼────────────┼────────────┼───────────────────────────┼────────────┼────────────┼──────────────┼──────────────┼───────────┼────────────┼──────┼──────────┼─────┼───────────┼─────────────┼──────┼──────────┼────────────┼──────┼───────────┤
│ qemu/100                            │ qemu    │             │                │  0.17% │     0.00 B │ 131.17 GiB │ 441.55 GiB │         │       │      │      4 │ 250.00 GiB │   4.00 GiB │   1.16 GiB │   4.03 GiB │ media-server              │ 435.54 GiB │   5.97 GiB │              │              │ starhaven │            │      │          │     │ running   │             │      │ 0        │  2w 4d 15h │  100 │           │
├─────────────────────────────────────┼─────────┼─────────────┼────────────────┼────────┼────────────┼────────────┼────────────┼─────────┼───────┼──────┼────────┼────────────┼────────────┼────────────┼────────────┼───────────────────────────┼────────────┼────────────┼──────────────┼──────────────┼───────────┼────────────┼──────┼──────────┼─────┼───────────┼─────────────┼──────┼──────────┼────────────┼──────┼───────────┤
│ qemu/101                            │ qemu    │             │                │  0.34% │     0.00 B │ 798.89 MiB │ 108.42 MiB │         │       │      │      4 │ 120.00 GiB │   7.90 GiB │   1.87 GiB │   2.23 GiB │ remote-desktop            │ 729.83 KiB │   1.61 MiB │              │              │ starhaven │            │      │          │     │ running   │             │      │ 0        │      7m 3s │  101 │           │
├─────────────────────────────────────┼─────────┼─────────────┼────────────────┼────────┼────────────┼────────────┼────────────┼─────────┼───────┼──────┼────────┼────────────┼────────────┼────────────┼────────────┼───────────────────────────┼────────────┼────────────┼──────────────┼──────────────┼───────────┼────────────┼──────┼──────────┼─────┼───────────┼─────────────┼──────┼──────────┼────────────┼──────┼───────────┤
│ qemu/102                            │ qemu    │             │                │  0.69% │     0.00 B │ 510.43 MiB │  42.96 MiB │         │       │      │      2 │     0.00 B │   2.00 GiB │ 756.85 MiB │ 959.57 MiB │ gitea-dev.server.wow      │ 144.98 MiB │  95.46 MiB │              │              │ starhaven │            │      │          │     │ running   │             │      │ 0        │   2d 5h 5m │  102 │           │
├─────────────────────────────────────┼─────────┼─────────────┼────────────────┼────────┼────────────┼────────────┼────────────┼─────────┼───────┼──────┼────────┼────────────┼────────────┼────────────┼────────────┼───────────────────────────┼────────────┼────────────┼──────────────┼──────────────┼───────────┼────────────┼──────┼──────────┼─────┼───────────┼─────────────┼──────┼──────────┼────────────┼──────┼───────────┤
│ qemu/103                            │ qemu    │             │                │  0.54% │     0.00 B │ 324.66 MiB │   2.10 GiB │         │       │      │      2 │  60.00 GiB │   1.23 GiB │ 623.13 MiB │ 726.63 MiB │ ut99-server               │ 164.11 MiB │  53.79 MiB │              │              │ starhaven │            │      │          │     │ running   │             │      │ 0        │  1d 7h 25m │  103 │           │
├─────────────────────────────────────┼─────────┼─────────────┼────────────────┼────────┼────────────┼────────────┼────────────┼─────────┼───────┼──────┼────────┼────────────┼────────────┼────────────┼────────────┼───────────────────────────┼────────────┼────────────┼──────────────┼──────────────┼───────────┼────────────┼──────┼──────────┼─────┼───────────┼─────────────┼──────┼──────────┼────────────┼──────┼───────────┤
│ qemu/104                            │ qemu    │             │                │  0.59% │     0.00 B │  39.27 GiB │   3.14 GiB │         │       │      │      4 │ 142.04 GiB │   7.91 GiB │   1.49 GiB │   2.44 GiB │ dev.server.wow            │  68.91 MiB │ 525.70 MiB │              │              │ starhaven │            │      │          │     │ running   │             │      │ 0        │  2d 7h 15m │  104 │           │
├─────────────────────────────────────┼─────────┼─────────────┼────────────────┼────────┼────────────┼────────────┼────────────┼─────────┼───────┼──────┼────────┼────────────┼────────────┼────────────┼────────────┼───────────────────────────┼────────────┼────────────┼──────────────┼──────────────┼───────────┼────────────┼──────┼──────────┼─────┼───────────┼─────────────┼──────┼──────────┼────────────┼──────┼───────────┤
│ qemu/106                            │ qemu    │             │                │  0.93% │     0.00 B │  26.54 GiB │ 450.11 MiB │         │       │      │      2 │  10.00 GiB │   4.00 GiB │ 541.43 MiB │   4.03 GiB │ navidrome-bean            │   2.69 GiB │   8.93 GiB │              │              │ starhaven │            │      │          │     │ running   │             │      │ 0        │     2w 14h │  106 │           │
├─────────────────────────────────────┼─────────┼─────────────┼────────────────┼────────┼────────────┼────────────┼────────────┼─────────┼───────┼──────┼────────┼────────────┼────────────┼────────────┼────────────┼───────────────────────────┼────────────┼────────────┼──────────────┼──────────────┼───────────┼────────────┼──────┼──────────┼─────┼───────────┼─────────────┼──────┼──────────┼────────────┼──────┼───────────┤
│ qemu/109                            │ qemu    │             │                │  0.59% │     0.00 B │   5.66 GiB │   4.32 GiB │         │       │      │      4 │ 280.00 GiB │   7.94 GiB │   2.05 GiB │   3.42 GiB │ mc-server                 │  92.51 MiB │  32.01 MiB │              │              │ starhaven │            │      │          │     │ running   │             │      │ 0        │  1d 7h 21m │  109 │           │
├─────────────────────────────────────┼─────────┼─────────────┼────────────────┼────────┼────────────┼────────────┼────────────┼─────────┼───────┼──────┼────────┼────────────┼────────────┼────────────┼────────────┼───────────────────────────┼────────────┼────────────┼──────────────┼──────────────┼───────────┼────────────┼──────┼──────────┼─────┼───────────┼─────────────┼──────┼──────────┼────────────┼──────┼───────────┤
│ qemu/111                            │ qemu    │             │                │  1.08% │     0.00 B │ 102.34 MiB │ 476.32 MiB │         │       │      │      2 │ 200.00 GiB │   1.00 GiB │ 677.26 MiB │ 848.09 MiB │ mysql-bckp-dev.wow.server │ 520.24 MiB │   7.52 MiB │              │              │ starhaven │            │      │          │     │ running   │             │      │ 0        │ 1d 22h 35m │  111 │           │
├─────────────────────────────────────┼─────────┼─────────────┼────────────────┼────────┼────────────┼────────────┼────────────┼─────────┼───────┼──────┼────────┼────────────┼────────────┼────────────┼────────────┼───────────────────────────┼────────────┼────────────┼──────────────┼──────────────┼───────────┼────────────┼──────┼──────────┼─────┼───────────┼─────────────┼──────┼──────────┼────────────┼──────┼───────────┤
│ qemu/112                            │ qemu    │             │                │  0.54% │     0.00 B │  17.99 GiB │  17.61 GiB │         │       │      │      2 │  60.00 GiB │   2.00 GiB │   1.77 GiB │   1.18 GiB │ gamedata-dev.server.wow   │  18.64 GiB │  22.36 GiB │              │              │ starhaven │            │      │          │     │ running   │             │      │ 0        │     1w 12h │  112 │           │
├─────────────────────────────────────┼─────────┼─────────────┼────────────────┼────────┼────────────┼────────────┼────────────┼─────────┼───────┼──────┼────────┼────────────┼────────────┼────────────┼────────────┼───────────────────────────┼────────────┼────────────┼──────────────┼──────────────┼───────────┼────────────┼──────┼──────────┼─────┼───────────┼─────────────┼──────┼──────────┼────────────┼──────┼───────────┤
│ storage/starhaven/backups           │ storage │             │ backup         │        │ 206.10 GiB │            │            │         │       │      │        │ 915.82 GiB │            │            │            │                           │            │            │              │              │ starhaven │ dir        │      │          │     │ available │ backups     │      │          │            │      │           │
├─────────────────────────────────────┼─────────┼─────────────┼────────────────┼────────┼────────────┼────────────┼────────────┼─────────┼───────┼──────┼────────┼────────────┼────────────┼────────────┼────────────┼───────────────────────────┼────────────┼────────────┼──────────────┼──────────────┼───────────┼────────────┼──────┼──────────┼─────┼───────────┼─────────────┼──────┼──────────┼────────────┼──────┼───────────┤
│ storage/starhaven/local             │ storage │             │ vztmpl,iso     │        │  45.05 GiB │            │            │         │       │      │        │  93.93 GiB │            │            │            │                           │            │            │              │              │ starhaven │ dir        │      │          │     │ available │ local       │      │          │            │      │           │
├─────────────────────────────────────┼─────────┼─────────────┼────────────────┼────────┼────────────┼────────────┼────────────┼─────────┼───────┼──────┼────────┼────────────┼────────────┼────────────┼────────────┼───────────────────────────┼────────────┼────────────┼──────────────┼──────────────┼───────────┼────────────┼──────┼──────────┼─────┼───────────┼─────────────┼──────┼──────────┼────────────┼──────┼───────────┤
│ storage/starhaven/local-lvm         │ storage │             │ images,rootdir │        │     0.00 B │            │            │         │       │      │        │ 793.80 GiB │            │            │            │                           │            │            │              │              │ starhaven │ lvmthin    │      │          │     │ available │ local-lvm   │      │          │            │      │           │
├─────────────────────────────────────┼─────────┼─────────────┼────────────────┼────────┼────────────┼────────────┼────────────┼─────────┼───────┼──────┼────────┼────────────┼────────────┼────────────┼────────────┼───────────────────────────┼────────────┼────────────┼──────────────┼──────────────┼───────────┼────────────┼──────┼──────────┼─────┼───────────┼─────────────┼──────┼──────────┼────────────┼──────┼───────────┤
│ storage/starhaven/vm-8tb-hdd0       │ storage │             │ rootdir,images │        │   5.07 TiB │            │            │         │       │      │        │   7.14 TiB │            │            │            │                           │            │            │              │              │ starhaven │ zfspool    │      │          │     │ available │ vm-8tb-hdd0 │      │          │            │      │           │
└─────────────────────────────────────┴─────────┴─────────────┴────────────────┴────────┴────────────┴────────────┴────────────┴─────────┴───────┴──────┴────────┴────────────┴────────────┴────────────┴────────────┴───────────────────────────┴────────────┴────────────┴──────────────┴──────────────┴───────────┴────────────┴──────┴──────────┴─────┴───────────┴─────────────┴──────┴──────────┴────────────┴──────┴───────────┘
---
=== ZFS data... ===
/etc/modprobe.d/zfs.conf
options zfs zfs_arc_min=1073741824       # 1GB min
options zfs zfs_arc_max=25769803776      # 24GB max
options zfs zfs_txg_timeout=5            # Faster sync commits
options zfs zfs_prefetch_disable=0       # Aggressive prefetch
options zfs zfs_deadman_synctime_ms=600000 # Hung I/O protection
---
ZFS Arch summary...
        Min target size:                                1.6 %    1.0 GiB
        Max target size:                               38.3 %   24.0 GiB
        Current size:                                  88.8 %   21.3 GiB
        Total hits:                                    90.6 %     593.4M
        Demand data hits:                              87.9 %     157.1M
        Demand data I/O hits:                          10.0 %      17.9M
        Demand metadata hits:                          99.7 %     432.2M
        Demand metadata I/O hits:                       0.3 %       1.2M
        Prefetch data hits:                             7.3 %       3.0M
        Prefetch data I/O hits:                         0.6 %     261.6k
        Prefetch metadata hits:                        97.0 %       1.0M
        Prefetch metadata I/O hits:                     1.2 %      13.2k
        Demand hits after predictive:                  42.3 %      18.1M
        Demand I/O hits after predictive:              41.9 %      17.9M
        Demand hits after prescient:                   98.6 %       8.6k
        Demand I/O hits after prescient:                1.4 %        119
---
=== Extra... ===
crontab -l
# For more information see the manual pages of crontab(5) and cron(8)

SHELL=/bin/bash
PATH=/usr/local/sbin:/usr/local/bin:/usr/sbin:/usr/bin:/sbin:/bin

# Rotate the job log at midnight (keep same inode) on backup days
20 0 * * 2,5 /usr/bin/truncate -s 0 /var/log/rclone-backup.log

# offside backup to S3 (megaS4)
20 2 * * 1 /bin/bash /usr/local/sbin/offsite_bckp.sh 101
20 2 * * 2,5 /bin/bash /usr/local/sbin/offsite_bckp.sh 104
40 3 * * 2,5 /bin/bash /usr/local/sbin/offsite_bckp.sh 102
50 9 * * 2,5 /bin/bash /usr/local/sbin/offsite_bckp.sh 111
20 3 * * 6 /bin/bash /usr/local/sbin/offsite_bckp.sh 103
20 4 * * 6 /bin/bash /usr/local/sbin/offsite_bckp.sh 109

# clear memory cache every 2 hours (10,12,14,16,18,etc)
0 */2 * * * echo 1 > /proc/sys/vm/drop_caches
---
cat /etc/modprobe.d/vfio.conf
options vfio-pci ids=10de:1c82,10de:0fb9 disable_vga=1
options vfio-pci ids=8086:125c
---
free -h
               total        used        free      shared  buff/cache   available
Mem:            62Gi        44Gi        17Gi        33Mi       1.6Gi        18Gi
Swap:          8.0Gi       2.0Gi       6.0Gi
---
=== End of Report ===
